#-----------------------------------------------------------
# Vivado v2021.2 (64-bit)
# SW Build 3367213 on Tue Oct 19 02:48:09 MDT 2021
# IP Build 3369179 on Thu Oct 21 08:25:16 MDT 2021
# Start of session at: Fri Jan 13 08:34:18 2023
# Process ID: 11492
# Current directory: D:/LaboratoareCN2/Laboratoare-CN2/Lab-3/Lab_3
# Command line: vivado.exe -gui_launcher_event rodinguilauncherevent6244 D:\LaboratoareCN2\Laboratoare-CN2\Lab-3\Lab_3\Lab_3.xpr
# Log file: D:/LaboratoareCN2/Laboratoare-CN2/Lab-3/Lab_3/vivado.log
# Journal file: D:/LaboratoareCN2/Laboratoare-CN2/Lab-3/Lab_3\vivado.jou
# Running On: DESKTOP-89MVNGE, OS: Windows, CPU Frequency: 2208 MHz, CPU Physical cores: 6, Host memory: 8424 MB
#-----------------------------------------------------------
start_gui
open_project D:/LaboratoareCN2/Laboratoare-CN2/Lab-3/Lab_3/Lab_3.xpr
update_compile_order -fileset sources_1
launch_simulation
source RISC_V_TB.tcl
close_sim
update_compile_order -fileset sources_1
launch_simulation
source RISC_V_TB.tcl
update_compile_order -fileset sources_1
close_sim
launch_simulation
source RISC_V_TB.tcl
update_compile_order -fileset sources_1
close_sim
launch_simulation
source RISC_V_TB.tcl
update_compile_order -fileset sources_1
close_sim
launch_simulation
source RISC_V_TB.tcl
close_sim
launch_simulation
source RISC_V_TB.tcl
close_sim
launch_simulation
source RISC_V_TB.tcl
close_sim
launch_simulation
source RISC_V_TB.tcl
close_sim
launch_simulation
source RISC_V_TB.tcl
close_sim
launch_simulation
source RISC_V_TB.tcl
